{"time":"2025-12-31T06:15:12.444634Z","level":"INFO","source":{"function":"main.setupLogging","file":"/Users/richardw/GitHub/omni-api/main.go","line":1358},"msg":"Logging initialized","log_file":"/Users/richardw/GitHub/omni-api/omni-api.log"}
{"time":"2025-12-31T06:15:12.444713Z","level":"INFO","source":{"function":"main.logStartupBanner","file":"/Users/richardw/GitHub/omni-api/main.go","line":1321},"msg":"Application Startup Banner","separator":"==================================================================================","application":"Omni API GUI Application","version":"dev","started_at":"2025-12-31T06:15:12Z","ignore_env":true,"show_empty_labels":false,"grpc_debug_level":2}
{"time":"2025-12-31T06:15:12.444733Z","level":"INFO","source":{"function":"main.main","file":"/Users/richardw/GitHub/omni-api/main.go","line":1404},"msg":"Empty label filtering","filtering_enabled":true,"show_empty_labels":false}
{"time":"2025-12-31T06:15:12.444739Z","level":"INFO","source":{"function":"main.main","file":"/Users/richardw/GitHub/omni-api/main.go","line":1405},"msg":"Ignore environment variables","ignore_env":true}
{"time":"2025-12-31T06:15:12.444747Z","level":"INFO","source":{"function":"main.main","file":"/Users/richardw/GitHub/omni-api/main.go","line":1406},"msg":"gRPC debug level","level":2}
{"time":"2025-12-31T06:15:12.444752Z","level":"INFO","source":{"function":"main.main","file":"/Users/richardw/GitHub/omni-api/main.go","line":1408},"msg":"Initializing i18n","language":"en"}
{"time":"2025-12-31T06:15:12.444767Z","level":"INFO","source":{"function":"github.com/jubblin/omni-api/internal/i18n.Init","file":"/Users/richardw/GitHub/omni-api/internal/i18n/i18n.go","line":50},"msg":"Initializing i18n","language":"en"}
{"time":"2025-12-31T06:15:12.444791Z","level":"INFO","source":{"function":"github.com/jubblin/omni-api/internal/i18n.setLanguageInternal","file":"/Users/richardw/GitHub/omni-api/internal/i18n/i18n.go","line":22},"msg":"Setting language","language":"en"}
{"time":"2025-12-31T06:15:12.444848Z","level":"INFO","source":{"function":"github.com/jubblin/omni-api/internal/i18n.setLanguageInternal","file":"/Users/richardw/GitHub/omni-api/internal/i18n/i18n.go","line":40},"msg":"Locale loaded successfully","language":"en","translations_count":87}
{"time":"2025-12-31T06:15:12.444856Z","level":"INFO","source":{"function":"github.com/jubblin/omni-api/internal/i18n.Init","file":"/Users/richardw/GitHub/omni-api/internal/i18n/i18n.go","line":59},"msg":"i18n initialized successfully","language":"en"}
{"time":"2025-12-31T06:15:12.44486Z","level":"INFO","source":{"function":"main.main","file":"/Users/richardw/GitHub/omni-api/main.go","line":1414},"msg":"i18n initialized successfully"}
{"time":"2025-12-31T06:15:12.444865Z","level":"INFO","source":{"function":"main.main","file":"/Users/richardw/GitHub/omni-api/main.go","line":1417},"msg":"Creating Fyne application"}
{"time":"2025-12-31T06:15:12.44704Z","level":"INFO","source":{"function":"main.main","file":"/Users/richardw/GitHub/omni-api/main.go","line":1419},"msg":"Fyne app created"}
{"time":"2025-12-31T06:15:12.447078Z","level":"INFO","source":{"function":"main.main","file":"/Users/richardw/GitHub/omni-api/main.go","line":1422},"msg":"App title retrieved","title":"Omni GUI"}
{"time":"2025-12-31T06:15:12.447086Z","level":"INFO","source":{"function":"main.main","file":"/Users/richardw/GitHub/omni-api/main.go","line":1424},"msg":"Creating window"}
{"time":"2025-12-31T06:15:12.493757Z","level":"INFO","source":{"function":"main.main","file":"/Users/richardw/GitHub/omni-api/main.go","line":1426},"msg":"Window created"}
{"time":"2025-12-31T06:15:12.493821Z","level":"INFO","source":{"function":"main.main","file":"/Users/richardw/GitHub/omni-api/main.go","line":1430},"msg":"Window resized","width":1400,"height":900}
{"time":"2025-12-31T06:15:12.493841Z","level":"INFO","source":{"function":"main.main","file":"/Users/richardw/GitHub/omni-api/main.go","line":1432},"msg":"Initializing Omni client"}
{"time":"2025-12-31T06:15:12.493858Z","level":"INFO","source":{"function":"main.initializeApp","file":"/Users/richardw/GitHub/omni-api/main.go","line":32},"msg":"Creating Omni client"}
{"time":"2025-12-31T06:15:12.493917Z","level":"INFO","msg":"Initializing Omni client with endpoint: https://omni.ad.bonkie.net (ignoreEnv: true)"}
{"time":"2025-12-31T06:15:12.493954Z","level":"INFO","msg":"Using Service Account authentication"}
{"time":"2025-12-31T06:15:12.494628Z","level":"INFO","source":{"function":"main.initializeApp","file":"/Users/richardw/GitHub/omni-api/main.go","line":43},"msg":"Omni client created successfully"}
{"time":"2025-12-31T06:15:12.494682Z","level":"INFO","source":{"function":"main.main","file":"/Users/richardw/GitHub/omni-api/main.go","line":1444},"msg":"Omni client initialized successfully"}
{"time":"2025-12-31T06:15:12.494718Z","level":"INFO","source":{"function":"main.main","file":"/Users/richardw/GitHub/omni-api/main.go","line":1459},"msg":"Root node has children","count":3}
{"time":"2025-12-31T06:15:12.494727Z","level":"INFO","source":{"function":"main.main","file":"/Users/richardw/GitHub/omni-api/main.go","line":1461},"msg":"Root child","index":0,"id":"clusters-top","label":"Clusters","type":"resource-type-folder"}
{"time":"2025-12-31T06:15:12.494734Z","level":"INFO","source":{"function":"main.main","file":"/Users/richardw/GitHub/omni-api/main.go","line":1461},"msg":"Root child","index":1,"id":"machines-top","label":"Machines","type":"resource-type-folder"}
{"time":"2025-12-31T06:15:12.494738Z","level":"INFO","source":{"function":"main.main","file":"/Users/richardw/GitHub/omni-api/main.go","line":1461},"msg":"Root child","index":2,"id":"machinesets-top","label":"Machine Sets","type":"resource-type-folder"}
{"time":"2025-12-31T06:15:12.609107Z","level":"INFO","source":{"function":"main.main","file":"/Users/richardw/GitHub/omni-api/main.go","line":1470},"msg":"Window content set"}
{"time":"2025-12-31T06:15:12.609146Z","level":"INFO","source":{"function":"main.main","file":"/Users/richardw/GitHub/omni-api/main.go","line":1477},"msg":"Opening root branch and refreshing tree"}
{"time":"2025-12-31T06:15:12.609204Z","level":"INFO","source":{"function":"main.main","file":"/Users/richardw/GitHub/omni-api/main.go","line":1480},"msg":"Tree opened and refreshed"}
{"time":"2025-12-31T06:15:12.609213Z","level":"INFO","source":{"function":"main.main","file":"/Users/richardw/GitHub/omni-api/main.go","line":1486},"msg":"Showing window and starting event loop"}
{"time":"2025-12-31T06:15:12.60922Z","level":"INFO","source":{"function":"main.main","file":"/Users/richardw/GitHub/omni-api/main.go","line":1489},"msg":"Window has content","width":1392,"height":892}
{"time":"2025-12-31T06:15:12.878747Z","level":"INFO","source":{"function":"main.main","file":"/Users/richardw/GitHub/omni-api/main.go","line":1494},"msg":"Window.Show() called"}
{"time":"2025-12-31T06:15:12.879833Z","level":"INFO","source":{"function":"main.main","file":"/Users/richardw/GitHub/omni-api/main.go","line":1496},"msg":"RequestFocus() called"}
{"time":"2025-12-31T06:15:12.879857Z","level":"INFO","source":{"function":"main.main","file":"/Users/richardw/GitHub/omni-api/main.go","line":1497},"msg":"Now calling ShowAndRun() - this will block until window closes"}
{"time":"2025-12-31T06:25:45.512564Z","level":"INFO","source":{"function":"main.main","file":"/Users/richardw/GitHub/omni-api/main.go","line":1499},"msg":"Application exited"}
{"time":"2025-12-31T06:25:55.434111Z","level":"INFO","source":{"function":"main.setupLogging","file":"/Users/richardw/GitHub/omni-api/main.go","line":1358},"msg":"Logging initialized","log_file":"/Users/richardw/GitHub/omni-api/omni-api.log"}
{"time":"2025-12-31T06:25:55.434196Z","level":"INFO","source":{"function":"main.logStartupBanner","file":"/Users/richardw/GitHub/omni-api/main.go","line":1321},"msg":"Application Startup Banner","separator":"==================================================================================","application":"Omni API GUI Application","version":"dev","started_at":"2025-12-31T06:25:55Z","ignore_env":true,"show_empty_labels":false,"grpc_debug_level":2}
{"time":"2025-12-31T06:25:55.434215Z","level":"INFO","source":{"function":"main.main","file":"/Users/richardw/GitHub/omni-api/main.go","line":1404},"msg":"Empty label filtering","filtering_enabled":true,"show_empty_labels":false}
{"time":"2025-12-31T06:25:55.434228Z","level":"INFO","source":{"function":"main.main","file":"/Users/richardw/GitHub/omni-api/main.go","line":1405},"msg":"Ignore environment variables","ignore_env":true}
{"time":"2025-12-31T06:25:55.434239Z","level":"INFO","source":{"function":"main.main","file":"/Users/richardw/GitHub/omni-api/main.go","line":1406},"msg":"gRPC debug level","level":2}
{"time":"2025-12-31T06:25:55.434263Z","level":"INFO","source":{"function":"main.main","file":"/Users/richardw/GitHub/omni-api/main.go","line":1408},"msg":"Initializing i18n","language":"en"}
{"time":"2025-12-31T06:25:55.434318Z","level":"INFO","source":{"function":"github.com/jubblin/omni-api/internal/i18n.Init","file":"/Users/richardw/GitHub/omni-api/internal/i18n/i18n.go","line":50},"msg":"Initializing i18n","language":"en"}
{"time":"2025-12-31T06:25:55.434373Z","level":"INFO","source":{"function":"github.com/jubblin/omni-api/internal/i18n.setLanguageInternal","file":"/Users/richardw/GitHub/omni-api/internal/i18n/i18n.go","line":22},"msg":"Setting language","language":"en"}
{"time":"2025-12-31T06:25:55.434462Z","level":"INFO","source":{"function":"github.com/jubblin/omni-api/internal/i18n.setLanguageInternal","file":"/Users/richardw/GitHub/omni-api/internal/i18n/i18n.go","line":40},"msg":"Locale loaded successfully","language":"en","translations_count":87}
{"time":"2025-12-31T06:25:55.434475Z","level":"INFO","source":{"function":"github.com/jubblin/omni-api/internal/i18n.Init","file":"/Users/richardw/GitHub/omni-api/internal/i18n/i18n.go","line":59},"msg":"i18n initialized successfully","language":"en"}
{"time":"2025-12-31T06:25:55.434488Z","level":"INFO","source":{"function":"main.main","file":"/Users/richardw/GitHub/omni-api/main.go","line":1414},"msg":"i18n initialized successfully"}
{"time":"2025-12-31T06:25:55.434494Z","level":"INFO","source":{"function":"main.main","file":"/Users/richardw/GitHub/omni-api/main.go","line":1417},"msg":"Creating Fyne application"}
{"time":"2025-12-31T06:25:55.43635Z","level":"INFO","source":{"function":"main.main","file":"/Users/richardw/GitHub/omni-api/main.go","line":1419},"msg":"Fyne app created"}
{"time":"2025-12-31T06:25:55.436366Z","level":"INFO","source":{"function":"main.main","file":"/Users/richardw/GitHub/omni-api/main.go","line":1422},"msg":"App title retrieved","title":"Omni GUI"}
{"time":"2025-12-31T06:25:55.436372Z","level":"INFO","source":{"function":"main.main","file":"/Users/richardw/GitHub/omni-api/main.go","line":1424},"msg":"Creating window"}
{"time":"2025-12-31T06:25:55.495185Z","level":"INFO","source":{"function":"main.main","file":"/Users/richardw/GitHub/omni-api/main.go","line":1426},"msg":"Window created"}
{"time":"2025-12-31T06:25:55.495251Z","level":"INFO","source":{"function":"main.main","file":"/Users/richardw/GitHub/omni-api/main.go","line":1430},"msg":"Window resized","width":1400,"height":900}
{"time":"2025-12-31T06:25:55.495268Z","level":"INFO","source":{"function":"main.main","file":"/Users/richardw/GitHub/omni-api/main.go","line":1432},"msg":"Initializing Omni client"}
{"time":"2025-12-31T06:25:55.495285Z","level":"INFO","source":{"function":"main.initializeApp","file":"/Users/richardw/GitHub/omni-api/main.go","line":32},"msg":"Creating Omni client"}
{"time":"2025-12-31T06:25:55.495348Z","level":"INFO","msg":"Initializing Omni client with endpoint: https://omni.ad.bonkie.net (ignoreEnv: true)"}
{"time":"2025-12-31T06:25:55.495386Z","level":"INFO","msg":"Using Service Account authentication"}
{"time":"2025-12-31T06:25:55.49614Z","level":"INFO","source":{"function":"main.initializeApp","file":"/Users/richardw/GitHub/omni-api/main.go","line":43},"msg":"Omni client created successfully"}
{"time":"2025-12-31T06:25:55.496187Z","level":"INFO","source":{"function":"main.main","file":"/Users/richardw/GitHub/omni-api/main.go","line":1444},"msg":"Omni client initialized successfully"}
{"time":"2025-12-31T06:25:55.496232Z","level":"INFO","source":{"function":"main.main","file":"/Users/richardw/GitHub/omni-api/main.go","line":1459},"msg":"Root node has children","count":3}
{"time":"2025-12-31T06:25:55.496251Z","level":"INFO","source":{"function":"main.main","file":"/Users/richardw/GitHub/omni-api/main.go","line":1461},"msg":"Root child","index":0,"id":"clusters-top","label":"Clusters","type":"resource-type-folder"}
{"time":"2025-12-31T06:25:55.49626Z","level":"INFO","source":{"function":"main.main","file":"/Users/richardw/GitHub/omni-api/main.go","line":1461},"msg":"Root child","index":1,"id":"machines-top","label":"Machines","type":"resource-type-folder"}
{"time":"2025-12-31T06:25:55.496265Z","level":"INFO","source":{"function":"main.main","file":"/Users/richardw/GitHub/omni-api/main.go","line":1461},"msg":"Root child","index":2,"id":"machinesets-top","label":"Machine Sets","type":"resource-type-folder"}
{"time":"2025-12-31T06:25:55.652533Z","level":"INFO","source":{"function":"main.main","file":"/Users/richardw/GitHub/omni-api/main.go","line":1470},"msg":"Window content set"}
{"time":"2025-12-31T06:25:55.652565Z","level":"INFO","source":{"function":"main.main","file":"/Users/richardw/GitHub/omni-api/main.go","line":1477},"msg":"Opening root branch and refreshing tree"}
{"time":"2025-12-31T06:25:55.652628Z","level":"INFO","source":{"function":"main.main","file":"/Users/richardw/GitHub/omni-api/main.go","line":1480},"msg":"Tree opened and refreshed"}
{"time":"2025-12-31T06:25:55.652637Z","level":"INFO","source":{"function":"main.main","file":"/Users/richardw/GitHub/omni-api/main.go","line":1486},"msg":"Showing window and starting event loop"}
{"time":"2025-12-31T06:25:55.652647Z","level":"INFO","source":{"function":"main.main","file":"/Users/richardw/GitHub/omni-api/main.go","line":1489},"msg":"Window has content","width":1392,"height":892}
{"time":"2025-12-31T06:25:55.95721Z","level":"INFO","source":{"function":"main.main","file":"/Users/richardw/GitHub/omni-api/main.go","line":1494},"msg":"Window.Show() called"}
{"time":"2025-12-31T06:25:55.958386Z","level":"INFO","source":{"function":"main.main","file":"/Users/richardw/GitHub/omni-api/main.go","line":1496},"msg":"RequestFocus() called"}
{"time":"2025-12-31T06:25:55.958416Z","level":"INFO","source":{"function":"main.main","file":"/Users/richardw/GitHub/omni-api/main.go","line":1497},"msg":"Now calling ShowAndRun() - this will block until window closes"}
{"time":"2025-12-31T06:28:23.832443Z","level":"INFO","source":{"function":"main.debugQuery","file":"/Users/richardw/GitHub/omni-api/grpc_debug.go","line":49},"msg":"gRPC Query","query":"{\n  \"id\": \"\",\n  \"namespace\": \"default\",\n  \"operation\": \"List\",\n  \"timestamp\": \"2025-12-31T06:28:23Z\",\n  \"type\": \"Machines.omni.sidero.dev\",\n  \"version\": \"undefined\"\n}"}
{"time":"2025-12-31T06:28:23.933836Z","level":"INFO","source":{"function":"main.debugListResponse","file":"/Users/richardw/GitHub/omni-api/grpc_debug.go","line":117},"msg":"gRPC List Response","response":"{\n  \"count\": 10,\n  \"error\": null,\n  \"namespace\": \"default\",\n  \"operation\": \"List\",\n  \"resource_ids\": [\n    \"00000000-0000-0000-0000-000000000000\",\n    \"05511bb5-eb60-11e5-bd07-46188f066097\",\n    \"30303031-3030-3030-3837-643263376132\",\n    \"30d19991-ec90-11e5-b437-238c4703c0a5\",\n    \"33755078-1476-11e7-9c43-bc00007e0000\",\n    \"4b0ef36d-eb5a-11e5-9001-46188f06604e\",\n    \"4c4c4544-0037-4710-8054-b2c04f543732\",\n    \"50e589ac-ece5-11e5-b13d-238c4703800c\",\n    \"e9205478-ed6b-11e5-9584-46188f06c0df\",\n    \"f369e7bb-eb53-11e5-8000-238c47034030\"\n  ],\n  \"timestamp\": \"2025-12-31T06:28:23Z\",\n  \"type\": \"Machines.omni.sidero.dev\"\n}"}
{"time":"2025-12-31T06:28:23.999511Z","level":"INFO","source":{"function":"main.loadResourceTypeFolderChildren","file":"/Users/richardw/GitHub/omni-api/main.go","line":201},"msg":"Loaded resource type folder children","resource_type":"Machines.omni.sidero.dev","count":10}
{"time":"2025-12-31T06:28:28.298675Z","level":"INFO","source":{"function":"main.loadNodeChildren","file":"/Users/richardw/GitHub/omni-api/main.go","line":72},"msg":"Loading children for node","resource_type":"Machines.omni.sidero.dev","resource_id":"4b0ef36d-eb5a-11e5-9001-46188f06604e"}
{"time":"2025-12-31T06:28:28.299043Z","level":"INFO","source":{"function":"main.debugQuery","file":"/Users/richardw/GitHub/omni-api/grpc_debug.go","line":49},"msg":"gRPC Query","query":"{\n  \"id\": \"4b0ef36d-eb5a-11e5-9001-46188f06604e\",\n  \"namespace\": \"default\",\n  \"operation\": \"Get\",\n  \"timestamp\": \"2025-12-31T06:28:28Z\",\n  \"type\": \"ClusterMachines.omni.sidero.dev\",\n  \"version\": \"undefined\"\n}"}
{"time":"2025-12-31T06:28:28.306802Z","level":"INFO","source":{"function":"main.debugResponse","file":"/Users/richardw/GitHub/omni-api/grpc_debug.go","line":83},"msg":"gRPC Response","response":"{\n  \"error\": null,\n  \"found\": true,\n  \"id\": \"4b0ef36d-eb5a-11e5-9001-46188f06604e\",\n  \"namespace\": \"default\",\n  \"operation\": \"Get\",\n  \"resource_id\": \"4b0ef36d-eb5a-11e5-9001-46188f06604e\",\n  \"resource_version\": \"8\",\n  \"timestamp\": \"2025-12-31T06:28:28Z\",\n  \"type\": \"ClusterMachines.omni.sidero.dev\"\n}"}
{"time":"2025-12-31T06:28:28.31409Z","level":"INFO","source":{"function":"main.debugQuery","file":"/Users/richardw/GitHub/omni-api/grpc_debug.go","line":49},"msg":"gRPC Query","query":"{\n  \"id\": \"4b0ef36d-eb5a-11e5-9001-46188f06604e\",\n  \"namespace\": \"default\",\n  \"operation\": \"Get\",\n  \"timestamp\": \"2025-12-31T06:28:28Z\",\n  \"type\": \"Machines.omni.sidero.dev\",\n  \"version\": \"undefined\"\n}"}
{"time":"2025-12-31T06:28:28.319646Z","level":"INFO","source":{"function":"main.debugResponse","file":"/Users/richardw/GitHub/omni-api/grpc_debug.go","line":83},"msg":"gRPC Response","response":"{\n  \"error\": null,\n  \"found\": true,\n  \"id\": \"4b0ef36d-eb5a-11e5-9001-46188f06604e\",\n  \"namespace\": \"default\",\n  \"operation\": \"Get\",\n  \"resource_id\": \"4b0ef36d-eb5a-11e5-9001-46188f06604e\",\n  \"resource_version\": \"10\",\n  \"timestamp\": \"2025-12-31T06:28:28Z\",\n  \"type\": \"Machines.omni.sidero.dev\"\n}"}
{"time":"2025-12-31T06:28:28.326628Z","level":"INFO","source":{"function":"main.debugQuery","file":"/Users/richardw/GitHub/omni-api/grpc_debug.go","line":49},"msg":"gRPC Query","query":"{\n  \"id\": \"4b0ef36d-eb5a-11e5-9001-46188f06604e\",\n  \"namespace\": \"default\",\n  \"operation\": \"Get\",\n  \"timestamp\": \"2025-12-31T06:28:28Z\",\n  \"type\": \"MachineStatuses.omni.sidero.dev\",\n  \"version\": \"undefined\"\n}"}
{"time":"2025-12-31T06:28:28.335276Z","level":"INFO","source":{"function":"main.debugResponse","file":"/Users/richardw/GitHub/omni-api/grpc_debug.go","line":83},"msg":"gRPC Response","response":"{\n  \"error\": null,\n  \"found\": true,\n  \"id\": \"4b0ef36d-eb5a-11e5-9001-46188f06604e\",\n  \"namespace\": \"default\",\n  \"operation\": \"Get\",\n  \"resource_id\": \"4b0ef36d-eb5a-11e5-9001-46188f06604e\",\n  \"resource_version\": \"19\",\n  \"timestamp\": \"2025-12-31T06:28:28Z\",\n  \"type\": \"MachineStatuses.omni.sidero.dev\"\n}"}
{"time":"2025-12-31T06:28:28.335361Z","level":"INFO","source":{"function":"main.loadMachineChildren","file":"/Users/richardw/GitHub/omni-api/main.go","line":692},"msg":"Loaded Machine children","machine_id":"4b0ef36d-eb5a-11e5-9001-46188f06604e","children_count":7,"before_filter":7,"clustermachine":true,"machinestatus":true}
{"time":"2025-12-31T06:28:30.232099Z","level":"INFO","source":{"function":"main.loadNodeChildren","file":"/Users/richardw/GitHub/omni-api/main.go","line":72},"msg":"Loading children for node","resource_type":"Machines.omni.sidero.dev","resource_id":"f369e7bb-eb53-11e5-8000-238c47034030"}
{"time":"2025-12-31T06:28:30.232372Z","level":"INFO","source":{"function":"main.debugQuery","file":"/Users/richardw/GitHub/omni-api/grpc_debug.go","line":49},"msg":"gRPC Query","query":"{\n  \"id\": \"f369e7bb-eb53-11e5-8000-238c47034030\",\n  \"namespace\": \"default\",\n  \"operation\": \"Get\",\n  \"timestamp\": \"2025-12-31T06:28:30Z\",\n  \"type\": \"ClusterMachines.omni.sidero.dev\",\n  \"version\": \"undefined\"\n}"}
{"time":"2025-12-31T06:28:30.23944Z","level":"INFO","source":{"function":"main.debugResponse","file":"/Users/richardw/GitHub/omni-api/grpc_debug.go","line":83},"msg":"gRPC Response","response":"{\n  \"error\": \"rpc error: code = NotFound desc = resource ClusterMachines.omni.sidero.dev(default/f369e7bb-eb53-11e5-8000-238c47034030@undefined) doesn't exist\",\n  \"id\": \"f369e7bb-eb53-11e5-8000-238c47034030\",\n  \"namespace\": \"default\",\n  \"operation\": \"Get\",\n  \"timestamp\": \"2025-12-31T06:28:30Z\",\n  \"type\": \"ClusterMachines.omni.sidero.dev\"\n}"}
{"time":"2025-12-31T06:28:30.239601Z","level":"INFO","source":{"function":"main.debugQuery","file":"/Users/richardw/GitHub/omni-api/grpc_debug.go","line":49},"msg":"gRPC Query","query":"{\n  \"id\": \"f369e7bb-eb53-11e5-8000-238c47034030\",\n  \"namespace\": \"default\",\n  \"operation\": \"Get\",\n  \"timestamp\": \"2025-12-31T06:28:30Z\",\n  \"type\": \"MachineStatuses.omni.sidero.dev\",\n  \"version\": \"undefined\"\n}"}
{"time":"2025-12-31T06:28:30.24742Z","level":"INFO","source":{"function":"main.debugResponse","file":"/Users/richardw/GitHub/omni-api/grpc_debug.go","line":83},"msg":"gRPC Response","response":"{\n  \"error\": null,\n  \"found\": true,\n  \"id\": \"f369e7bb-eb53-11e5-8000-238c47034030\",\n  \"namespace\": \"default\",\n  \"operation\": \"Get\",\n  \"resource_id\": \"f369e7bb-eb53-11e5-8000-238c47034030\",\n  \"resource_version\": \"11\",\n  \"timestamp\": \"2025-12-31T06:28:30Z\",\n  \"type\": \"MachineStatuses.omni.sidero.dev\"\n}"}
{"time":"2025-12-31T06:28:30.2476Z","level":"INFO","source":{"function":"main.loadMachineChildren","file":"/Users/richardw/GitHub/omni-api/main.go","line":692},"msg":"Loaded Machine children","machine_id":"f369e7bb-eb53-11e5-8000-238c47034030","children_count":6,"before_filter":6,"clustermachine":false,"machinestatus":true}
{"time":"2025-12-31T06:28:33.66324Z","level":"INFO","source":{"function":"main.debugQuery","file":"/Users/richardw/GitHub/omni-api/grpc_debug.go","line":49},"msg":"gRPC Query","query":"{\n  \"id\": \"f369e7bb-eb53-11e5-8000-238c47034030\",\n  \"namespace\": \"default\",\n  \"operation\": \"Get\",\n  \"timestamp\": \"2025-12-31T06:28:33Z\",\n  \"type\": \"MachineStatuses.omni.sidero.dev\",\n  \"version\": \"undefined\"\n}"}
{"time":"2025-12-31T06:28:33.672131Z","level":"INFO","source":{"function":"main.debugResponse","file":"/Users/richardw/GitHub/omni-api/grpc_debug.go","line":83},"msg":"gRPC Response","response":"{\n  \"error\": null,\n  \"found\": true,\n  \"id\": \"f369e7bb-eb53-11e5-8000-238c47034030\",\n  \"namespace\": \"default\",\n  \"operation\": \"Get\",\n  \"resource_id\": \"f369e7bb-eb53-11e5-8000-238c47034030\",\n  \"resource_version\": \"11\",\n  \"timestamp\": \"2025-12-31T06:28:33Z\",\n  \"type\": \"MachineStatuses.omni.sidero.dev\"\n}"}
